// Jest Snapshot v1, https://goo.gl/fbAQLP

exports[`<NextContainer /> should render NextContainer 1`] = `
<div
  className="sc-fzozJi eBvqWD"
  data-test="next"
>
  <div
    className="sc-Axmtr hKwgRk"
  >
    <div
      className="sc-AxmLO cAKCgh"
    />
    <div
      className="sc-AxheI fUKIku"
    >
      <div
        className="sc-AxjAm hFFVxV"
        data-test-column={1}
        data-test-row={0}
        data-test-variant="J"
      >
        <div
          className="sc-AxirZ cTgbdZ"
        />
        <div
          className="sc-AxiKw dglFec"
        />
        <div
          className="sc-AxhCb hRLSKp"
        />
        <div
          className="sc-AxhUy gUafog"
        />
        <div
          className="sc-AxgMl jUBJBs"
        />
      </div>
    </div>
    <div
      className="sc-AxmLO cAKCgh"
    />
    <div
      className="sc-AxmLO cAKCgh"
    />
    <div
      className="sc-AxmLO cAKCgh"
    />
    <div
      className="sc-AxheI fUKIku"
    >
      <div
        className="sc-AxjAm hFFVxV"
        data-test-column={1}
        data-test-row={1}
        data-test-variant="J"
      >
        <div
          className="sc-AxirZ cTgbdZ"
        />
        <div
          className="sc-AxiKw dglFec"
        />
        <div
          className="sc-AxhCb hRLSKp"
        />
        <div
          className="sc-AxhUy gUafog"
        />
        <div
          className="sc-AxgMl jUBJBs"
        />
      </div>
    </div>
    <div
      className="sc-AxmLO cAKCgh"
    />
    <div
      className="sc-AxmLO cAKCgh"
    />
    <div
      className="sc-AxheI fUKIku"
    >
      <div
        className="sc-AxjAm hFFVxV"
        data-test-column={0}
        data-test-row={2}
        data-test-variant="J"
      >
        <div
          className="sc-AxirZ cTgbdZ"
        />
        <div
          className="sc-AxiKw dglFec"
        />
        <div
          className="sc-AxhCb hRLSKp"
        />
        <div
          className="sc-AxhUy gUafog"
        />
        <div
          className="sc-AxgMl jUBJBs"
        />
      </div>
    </div>
    <div
      className="sc-AxheI fUKIku"
    >
      <div
        className="sc-AxjAm hFFVxV"
        data-test-column={1}
        data-test-row={2}
        data-test-variant="J"
      >
        <div
          className="sc-AxirZ cTgbdZ"
        />
        <div
          className="sc-AxiKw dglFec"
        />
        <div
          className="sc-AxhCb hRLSKp"
        />
        <div
          className="sc-AxhUy gUafog"
        />
        <div
          className="sc-AxgMl jUBJBs"
        />
      </div>
    </div>
    <div
      className="sc-AxmLO cAKCgh"
    />
    <div
      className="sc-AxmLO cAKCgh"
    />
    <div
      className="sc-AxmLO cAKCgh"
    />
    <div
      className="sc-AxmLO cAKCgh"
    />
    <div
      className="sc-AxmLO cAKCgh"
    />
    <div
      className="sc-AxmLO cAKCgh"
    />
  </div>
</div>
`;
