// Jest Snapshot v1, https://goo.gl/fbAQLP

exports[`should render Button 1`] = `
<button
  className="sc-AxjAm bJRPJO"
  data-test="button"
  onClick={[Function]}
>
  <div
    className="sc-AxirZ eJxFBc"
  >
    Button
  </div>
</button>
`;
