// Jest Snapshot v1, https://goo.gl/fbAQLP

exports[`<GameLoop /> should not render any dom 1`] = `null`;

exports[`<GameLoop /> should not render any dom 2`] = `null`;

exports[`<GameLoop /> xxx 1`] = `null`;
