// Jest Snapshot v1, https://goo.gl/fbAQLP

exports[`should render ScreenTransaction 1`] = `
<div
  className="sc-AxheI fUKIku"
>
  <div
    className="sc-AxjAm hTpnSM"
  >
    <div
      className="sc-AxirZ LYUtQ"
    />
    <div
      className="sc-AxiKw iOnKrh"
    />
    <div
      className="sc-AxhCb xeSXY"
    />
    <div
      className="sc-AxhUy gYjcNl"
    />
    <div
      className="sc-AxgMl dZJlDE"
    />
  </div>
</div>
`;

exports[`should render ScreenTransaction NoTetro 1`] = `
<div
  className="sc-AxheI fwUCIC"
>
  <div
    className="sc-AxjAm hQvQLG"
  />
</div>
`;
