// Jest Snapshot v1, https://goo.gl/fbAQLP

exports[`<App /> should render 1`] = `
<div
  className="sc-fzolEj bilGol"
>
  <div
    className="sc-fzqBkg dMvPDQ"
  >
    Browser not supported! ðŸ˜±
  </div>
  <div
    className="sc-fzqPZZ iMyiKw"
  >
    Please use the latest Chrome or Firefox.
  </div>
</div>
`;
