// Jest Snapshot v1, https://goo.gl/fbAQLP

exports[`context should use AppContextProvider 1`] = `
<div>
  {"repeat":false,"browserInfo":{"name":"chrome","version":"83"}}
</div>
`;
